create a file
file name is
